[    0.000000][    T0] Booting Linux on physical CPU 0x0000000000 [0x000f0510]
[    0.000000][    T0] Linux version 6.6.0-pbs-restore (root@b0f943ae3934) (gcc (Debian 12.2.0-14) 12.2.0, GNU ld (GNU Binutils for Debian) 2.40) #1 SMP Fri Feb  7 08:53:24 UTC 2025
[    0.000000][    T0] KASLR enabled
[    0.000000][    T0] random: crng init done
[    0.000000][    T0] Machine model: linux,dummy-virt
[    0.000000][    T0] efi: UEFI not found.
[    0.000000][    T0] NUMA: No NUMA configuration found
[    0.000000][    T0] NUMA: Faking a node at [mem 0x0000000040000000-0x000000005fffffff]
[    0.000000][    T0] NUMA: NODE_DATA [mem 0x5ffc5b00-0x5ffd4fff]
[    0.000000][    T0] Zone ranges:
[    0.000000][    T0]   DMA      [mem 0x0000000040000000-0x000000005fffffff]
[    0.000000][    T0]   DMA32    empty
[    0.000000][    T0]   Normal   empty
[    0.000000][    T0]   ExtMem   empty
[    0.000000][    T0]   Device   empty
[    0.000000][    T0] Movable zone start for each node
[    0.000000][    T0] Early memory node ranges
[    0.000000][    T0]   node   0: [mem 0x0000000040000000-0x000000005fffffff]
[    0.000000][    T0] Initmem setup node 0 [mem 0x0000000040000000-0x000000005fffffff]
[    0.000000][    T0] psci: probing for conduit method from DT.
[    0.000000][    T0] psci: PSCIv1.1 detected in firmware.
[    0.000000][    T0] psci: Using standard PSCI v0.2 function IDs
[    0.000000][    T0] psci: Trusted OS migration not required
[    0.000000][    T0] psci: SMC Calling Convention v1.0
[    0.000000][    T0] percpu: Embedded 35 pages/cpu s102952 r8192 d32216 u143360
[    0.000000][    T0] Detected PIPT I-cache on CPU0
[    0.000000][    T0] CPU features: detected: Address authentication (architected QARMA5 algorithm)
[    0.000000][    T0] CPU features: detected: HCRX_EL2 register
[    0.000000][    T0] CPU features: detected: Non-maskable Interrupts present
[    0.000000][    T0] CPU features: detected: Hardware dirty bit management
[    0.000000][    T0] CPU features: detected: Spectre-v4
[    0.000000][    T0] CPU features: detected: Non-maskable Interrupts enabled
[    0.000000][    T0] alternatives: applying boot alternatives
[    0.000000][    T0] Kernel command line: console=ttyAMA0 rdinit=/init panic=-1
[    0.000000][    T0] Dentry cache hash table entries: 65536 (order: 7, 524288 bytes, linear)
[    0.000000][    T0] Inode-cache hash table entries: 32768 (order: 6, 262144 bytes, linear)
[    0.000000][    T0] Fallback order for Node 0: 0 
[    0.000000][    T0] Built 1 zonelists, mobility grouping on.  Total pages: 129024
[    0.000000][    T0] Policy zone: DMA
[    0.000000][    T0] mem auto-init: stack:off, heap alloc:off, heap free:off
[    0.000000][    T0] software IO TLB: area num 1.
[    0.000000][    T0] software IO TLB: mapped [mem 0x000000005b600000-0x000000005f600000] (64MB)
[    0.000000][    T0] Memory: 386528K/524288K available (24448K kernel code, 6754K rwdata, 8212K rodata, 8128K init, 11938K bss, 137760K reserved, 0K cma-reserved)
[    0.000000][    T0] SLUB: HWalign=64, Order=0-3, MinObjects=0, CPUs=1, Nodes=1
[    0.000000][    T0] ftrace: allocating 74732 entries in 292 pages
[    0.000000][    T0] ftrace: allocated 292 pages with 3 groups
[    0.000000][    T0] trace event string verifier disabled
[    0.000000][    T0] rcu: Hierarchical RCU implementation.
[    0.000000][    T0] rcu: 	RCU restricting CPUs from NR_CPUS=4096 to nr_cpu_ids=1.
[    0.000000][    T0] 	Rude variant of Tasks RCU enabled.
[    0.000000][    T0] 	Tracing variant of Tasks RCU enabled.
[    0.000000][    T0] rcu: RCU calculated value of scheduler-enlistment delay is 25 jiffies.
[    0.000000][    T0] rcu: Adjusting geometry for rcu_fanout_leaf=16, nr_cpu_ids=1
[    0.000000][    T0] NR_IRQS: 64, nr_irqs: 64, preallocated irqs: 0
[    0.000000][    T0] Root IRQ handler: gic_handle_irq
[    0.000000][    T0] GICv2m: range[mem 0x08020000-0x08020fff], SPI[80:143]
[    0.000000][    T0] rcu: srcu_init: Setting srcu_struct sizes based on contention.
[    0.000000][    T0] arch_timer: cp15 timer(s) running at 1000.00MHz (virt).
[    0.000000][    T0] clocksource: arch_sys_counter: mask: 0x1fffffffffffffff max_cycles: 0x1cd42e4dffb, max_idle_ns: 881590591483 ns
[    0.000108][    T0] sched_clock: 61 bits at 1000MHz, resolution 1ns, wraps every 4398046511103ns
[    0.025660][    T0] Console: colour dummy device 80x25
[    0.034392][    T0] Calibrating delay loop (skipped), value calculated using timer frequency.. 2000.00 BogoMIPS (lpj=4000000)
[    0.035779][    T0] pid_max: default: 32768 minimum: 301
[    0.042997][    T0] LSM: initializing lsm=capability,yama,apparmor,bpf,integrity
[    0.044793][    T0] Yama: becoming mindful.
[    0.050651][    T0] AppArmor: AppArmor initialized
[    0.050859][    T0] LSM support for eBPF active
[    0.058189][    T0] Mount-cache hash table entries: 1024 (order: 1, 8192 bytes, linear)
[    0.058441][    T0] Mountpoint-cache hash table entries: 1024 (order: 1, 8192 bytes, linear)
[    0.124167][    T1] cacheinfo: Unable to detect cache hierarchy for CPU 0
[    0.150342][    T1] RCU Tasks Rude: Setting shift to 0 and lim to 1 rcu_task_cb_adjust=1 rcu_task_cpu_ids=1.
[    0.152997][    T1] RCU Tasks Trace: Setting shift to 0 and lim to 1 rcu_task_cb_adjust=1 rcu_task_cpu_ids=1.
[    0.155595][    T1] arm-pv: PV sched is not available
[    0.158611][    T1] rcu: Hierarchical SRCU implementation.
[    0.158734][    T1] rcu: 	Max phase no-delay instances is 1000.
[    0.187709][    T1] EFI services will not be available.
[    0.191003][    T1] smp: Bringing up secondary CPUs ...
[    0.192796][    T1] smp: Brought up 1 node, 1 CPU
[    0.192952][    T1] SMP: Total of 1 processors activated.
[    0.193296][    T1] CPU features: detected: 32-bit EL0 Support
[    0.193397][    T1] CPU features: detected: 32-bit EL1 Support
[    0.193475][    T1] CPU features: detected: ARMv8.4 Translation Table Level
[    0.193558][    T1] CPU features: detected: Instruction cache invalidation not required for I/D coherence
[    0.193639][    T1] CPU features: detected: Data cache clean to the PoU not required for I/D coherence
[    0.193786][    T1] CPU features: detected: Common not Private translations
[    0.193856][    T1] CPU features: detected: CRC32 instructions
[    0.193923][    T1] CPU features: detected: Data cache clean to Point of Deep Persistence
[    0.193991][    T1] CPU features: detected: Data cache clean to Point of Persistence
[    0.194058][    T1] CPU features: detected: Data independent timing control (DIT)
[    0.194126][    T1] CPU features: detected: E0PD
[    0.194193][    T1] CPU features: detected: Enhanced Counter Virtualization
[    0.194260][    T1] CPU features: detected: Enhanced Counter Virtualization (CNTPOFF)
[    0.194329][    T1] CPU features: detected: Enhanced Privileged Access Never
[    0.194396][    T1] CPU features: detected: Enhanced Virtualization Traps
[    0.194464][    T1] CPU features: detected: Fine Grained Traps
[    0.194619][    T1] CPU features: detected: Generic authentication (architected QARMA5 algorithm)
[    0.194695][    T1] CPU features: detected: RCpc load-acquire (LDAPR)
[    0.194762][    T1] CPU features: detected: LSE atomic instructions
[    0.194829][    T1] CPU features: detected: Memory Copy and Memory Set instructions
[    0.194953][    T1] CPU features: detected: Privileged Access Never
[    0.195024][    T1] CPU features: detected: RAS Extension Support
[    0.195091][    T1] CPU features: detected: Random Number Generator
[    0.195158][    T1] CPU features: detected: Speculation barrier (SB)
[    0.195225][    T1] CPU features: detected: Stage-2 Force Write-Back
[    0.195667][    T1] CPU features: detected: Trap EL0 IMPLEMENTATION DEFINED functionality
[    0.195745][    T1] CPU features: detected: TLB range maintenance instructions
[    0.195818][    T1] CPU features: detected: WFx with timeout
[    0.196010][    T1] CPU features: detected: Speculative Store Bypassing Safe (SSBS)
[    0.196080][    T1] CPU features: detected: Scalable Vector Extension
[    0.218068][    T1] SVE: maximum available vector length 256 bytes per vector
[    0.222107][    T1] SVE: default vector length 64 bytes per vector
[    0.225335][    T1] CPU: All CPU(s) started at EL1
[    0.225789][    T1] alternatives: applying system-wide alternatives
[    0.314491][    T1] devtmpfs: initialized
[    0.395243][    T1] clocksource: jiffies: mask: 0xffffffff max_cycles: 0xffffffff, max_idle_ns: 7645041785100000 ns
[    0.396448][    T1] futex hash table entries: 256 (order: 2, 16384 bytes, linear)
[    0.404886][    T1] pinctrl core: initialized pinctrl subsystem
[    0.416957][    T1] DMI not present or invalid.
[    0.451151][    T1] NET: Registered PF_NETLINK/PF_ROUTE protocol family
[    0.466629][    T1] DMA: preallocated 128 KiB GFP_KERNEL pool for atomic allocations
[    0.467492][    T1] DMA: preallocated 128 KiB GFP_KERNEL|GFP_DMA pool for atomic allocations
[    0.467917][    T1] DMA: preallocated 128 KiB GFP_KERNEL|GFP_DMA32 pool for atomic allocations
[    0.468763][    T1] audit: initializing netlink subsys (disabled)
[    0.483413][    T1] thermal_sys: Registered thermal governor 'fair_share'
[    0.483602][    T1] thermal_sys: Registered thermal governor 'step_wise'
[    0.483671][    T1] thermal_sys: Registered thermal governor 'user_space'
[    0.485768][   T22] audit: type=2000 audit(0.392:1): state=initialized audit_enabled=0 res=1
[    0.488506][    T1] cpuidle: using governor menu
[    0.493804][    T1] hw-breakpoint: found 6 breakpoint and 4 watchpoint registers.
[    0.494838][    T1] ASID allocator initialised with 65536 entries
[    0.502175][    T1] Serial: AMBA PL011 UART driver
[    0.638439][    T1] 9000000.pl011: ttyAMA0 at MMIO 0x9000000 (irq = 13, base_baud = 0) is a PL011 rev1
[    0.640827][    T1] printk: console [ttyAMA0] enabled
[    0.712731][    T1] Modules: 2G module region forced by RANDOMIZE_MODULE_REGION_FULL
[    0.713379][    T1] Modules: 0 pages in range for non-PLT usage
[    0.713488][    T1] Modules: 509344 pages in range for PLT usage
[    0.750772][    T1] HugeTLB: registered 1.00 GiB page size, pre-allocated 0 pages
[    0.751704][    T1] HugeTLB: 16380 KiB vmemmap can be freed for a 1.00 GiB page
[    0.752252][    T1] HugeTLB: registered 32.0 MiB page size, pre-allocated 0 pages
[    0.752952][    T1] HugeTLB: 508 KiB vmemmap can be freed for a 32.0 MiB page
[    0.753479][    T1] HugeTLB: registered 2.00 MiB page size, pre-allocated 0 pages
[    0.753953][    T1] HugeTLB: 28 KiB vmemmap can be freed for a 2.00 MiB page
[    0.754448][    T1] HugeTLB: registered 64.0 KiB page size, pre-allocated 0 pages
[    0.754917][    T1] HugeTLB: 0 KiB vmemmap can be freed for a 64.0 KiB page
[    0.902330][    T1] raid6: neonx8   gen()  1161 MB/s
[    0.972645][    T1] raid6: neonx4   gen()  1137 MB/s
[    1.042861][    T1] raid6: neonx2   gen()  1006 MB/s
[    1.113437][    T1] raid6: neonx1   gen()   763 MB/s
[    1.183744][    T1] raid6: int64x8  gen()   871 MB/s
[    1.254072][    T1] raid6: int64x4  gen()  1165 MB/s
[    1.324355][    T1] raid6: int64x2  gen()  1025 MB/s
[    1.394653][    T1] raid6: int64x1  gen()   770 MB/s
[    1.395108][    T1] raid6: using algorithm int64x4 gen() 1165 MB/s
[    1.465028][    T1] raid6: .... xor() 686 MB/s, rmw enabled
[    1.465680][    T1] raid6: using neon recovery algorithm
[    1.471517][    T1] ACPI: Interpreter disabled.
[    1.660468][    T1] iommu: Default domain type: Passthrough
[    1.673513][    T1] SCSI subsystem initialized
[    1.678610][    T1] usbcore: registered new interface driver usbfs
[    1.679844][    T1] usbcore: registered new interface driver hub
[    1.681134][    T1] usbcore: registered new device driver usb
[    1.683248][    T1] pps_core: LinuxPPS API ver. 1 registered
[    1.683662][    T1] pps_core: Software ver. 5.3.6 - Copyright 2005-2007 Rodolfo Giometti <giometti@linux.it>
[    1.684471][    T1] PTP clock support registered
[    1.710626][    T1] EDAC MC: Ver: 3.0.0
[    1.755185][    T1] NetLabel: Initializing
[    1.755644][    T1] NetLabel:  domain hash size = 128
[    1.756029][    T1] NetLabel:  protocols = UNLABELED CIPSOv4 CALIPSO
[    1.759224][    T1] NetLabel:  unlabeled traffic allowed by default
[    1.785926][    T1] vgaarb: loaded
[    1.809823][    T1] clocksource: Switched to clocksource arch_sys_counter
[    1.821031][    T1] VFS: Disk quotas dquot_6.6.0
[    1.822151][    T1] VFS: Dquot-cache hash table entries: 512 (order 0, 4096 bytes)
[    1.838055][    T1] AppArmor: AppArmor Filesystem Enabled
[    1.839547][    T1] pnp: PnP ACPI: disabled
[    2.131600][    T1] NET: Registered PF_INET protocol family
[    2.134611][    T1] IP idents hash table entries: 8192 (order: 4, 65536 bytes, linear)
[    2.150039][    T1] tcp_listen_portaddr_hash hash table entries: 256 (order: 0, 4096 bytes, linear)
[    2.150866][    T1] Table-perturb hash table entries: 65536 (order: 6, 262144 bytes, linear)
[    2.151576][    T1] TCP established hash table entries: 4096 (order: 3, 32768 bytes, linear)
[    2.152641][    T1] TCP bind hash table entries: 4096 (order: 5, 131072 bytes, linear)
[    2.153528][    T1] TCP: Hash tables configured (established 4096 bind 4096)
[    2.158547][    T1] MPTCP token hash table entries: 512 (order: 1, 12288 bytes, linear)
[    2.159872][    T1] UDP hash table entries: 256 (order: 1, 8192 bytes, linear)
[    2.161068][    T1] UDP-Lite hash table entries: 256 (order: 1, 8192 bytes, linear)
[    2.164902][    T1] NET: Registered PF_UNIX/PF_LOCAL protocol family
[    2.196947][    T1] RPC: Registered named UNIX socket transport module.
[    2.197558][    T1] RPC: Registered udp transport module.
[    2.197959][    T1] RPC: Registered tcp transport module.
[    2.198351][    T1] RPC: Registered tcp-with-tls transport module.
[    2.198798][    T1] RPC: Registered tcp NFSv4.1 backchannel transport module.
[    2.199343][    T1] NET: Registered PF_XDP protocol family
[    2.200046][    T1] PCI: CLS 0 bytes, default 64
[    2.221456][    T1] kvm [1]: HYP mode not available
[    2.227276][   T21] Trying to unpack rootfs image as initramfs...
[    2.639935][   T21] Freeing initrd memory: 1324K
[    4.207654][    T1] Initialise system trusted keyrings
[    4.210953][    T1] Key type blacklist registered
[    4.214257][    T1] workingset: timestamp_bits=38 max_order=17 bucket_order=0
[    4.215763][    T1] zbud: loaded
[    4.232646][    T1] squashfs: version 4.0 (2009/01/31) Phillip Lougher
[    4.241491][    T1] NFS: Registering the id_resolver key type
[    4.242393][    T1] Key type id_resolver registered
[    4.242794][    T1] Key type id_legacy registered
[    4.243759][    T1] nfs4filelayout_init: NFSv4 File Layout Driver Registering...
[    4.245004][    T1] nfs4flexfilelayout_init: NFSv4 Flexfile Layout Driver Registering...
[    4.246426][    T1] ntfs: driver 2.1.32 [Flags: R/O].
[    4.247182][    T1] ntfs3: Enabled Linux POSIX ACLs support
[    4.247576][    T1] ntfs3: Read-only LZX/Xpress compression included
[    4.250870][    T1] fuse: init (API version 7.39)
[    4.254906][    T1] JFS: nTxBlock = 3030, nTxLock = 24240
[    4.269737][    T1] SGI XFS with ACLs, security attributes, quota, no debug enabled
[    4.279985][    T1] NILFS version 2 loaded
[    4.280733][    T1] befs: version: 0.9.3
[    4.284219][    T1] OCFS2 User DLM kernel interface loaded
[    4.299065][    T1] gfs2: GFS2 installed
[    5.622464][    T1] ZFS: Loaded module v2.3.99-1, ZFS pool version 5000, ZFS filesystem version 5
[    5.627652][    T1] integrity: Platform Keyring initialized
[    5.885483][    T1] NET: Registered PF_ALG protocol family
[    5.886472][    T1] xor: measuring software checksum speed
[    5.888902][    T1]    8regs           :  1754 MB/sec
[    5.893197][    T1]    32regs          :   871 MB/sec
[    5.902368][    T1]    arm64_neon      :   378 MB/sec
[    5.902887][    T1] xor: using function: 8regs (1754 MB/sec)
[    5.903801][    T1] async_tx: api initialized (async)
[    5.904567][    T1] Key type asymmetric registered
[    5.905096][    T1] Asymmetric key parser 'x509' registered
[    5.905626][    T1] Asymmetric key parser 'pgp' registered
[    5.907069][    T1] Block layer SCSI generic (bsg) driver version 0.4 loaded (major 247)
[    5.911011][    T1] io scheduler mq-deadline registered
[    5.911529][    T1] io scheduler kyber registered
[    5.912200][    T1] io scheduler bfq registered
[    5.992980][    T1] pl061_gpio 9030000.pl061: PL061 GPIO chip registered
[    5.999321][    T1] shpchp: Standard Hot Plug PCI Controller Driver version: 0.4
[    6.003226][    T1] pci-host-generic 4010000000.pcie: host bridge /pcie@10000000 ranges:
[    6.005281][    T1] pci-host-generic 4010000000.pcie:       IO 0x003eff0000..0x003effffff -> 0x0000000000
[    6.006824][    T1] pci-host-generic 4010000000.pcie:      MEM 0x0010000000..0x003efeffff -> 0x0010000000
[    6.007749][    T1] pci-host-generic 4010000000.pcie:      MEM 0x8000000000..0xffffffffff -> 0x8000000000
[    6.009568][    T1] pci-host-generic 4010000000.pcie: Memory resource size exceeds max for 32 bits
[    6.011105][    T1] pci-host-generic 4010000000.pcie: ECAM at [mem 0x4010000000-0x401fffffff] for [bus 00-ff]
[    6.015834][    T1] pci-host-generic 4010000000.pcie: PCI host bridge to bus 0000:00
[    6.017022][    T1] pci_bus 0000:00: root bus resource [bus 00-ff]
[    6.017681][    T1] pci_bus 0000:00: root bus resource [io  0x0000-0xffff]
[    6.018289][    T1] pci_bus 0000:00: root bus resource [mem 0x10000000-0x3efeffff]
[    6.018861][    T1] pci_bus 0000:00: root bus resource [mem 0x8000000000-0xffffffffff]
[    6.021948][    T1] pci 0000:00:00.0: [1b36:0008] type 00 class 0x060000
[    6.105738][    T1] Serial: 8250/16550 driver, 4 ports, IRQ sharing enabled
[    6.156087][    T1] Loading iSCSI transport class v2.0-870.
[    6.161502][    T1] rdac: device handler registered
[    6.163501][    T1] hp_sw: device handler registered
[    6.163974][    T1] emc: device handler registered
[    6.165948][    T1] alua: device handler registered
[    6.167655][    T1] iscsi: registered transport (tcp)
[    6.169238][    T1] libcxgbi:libcxgbi_init_module: Chelsio iSCSI driver library libcxgbi v0.9.1-ko (Apr. 2015)
[    6.169949][    T1] Chelsio T3 iSCSI Driver cxgb3i v2.0.1-ko (Apr. 2015)
[    6.171215][    T1] iscsi: registered transport (cxgb3i)
[    6.200015][    T1] tun: Universal TUN/TAP device driver, 1.6
[    6.218595][    T1] mousedev: PS/2 mouse device common for all mice
[    6.238852][    T1] rtc-pl031 9010000.pl031: registered as rtc0
[    6.240732][    T1] rtc-pl031 9010000.pl031: setting system clock to 2026-07-26T09:21:01 UTC (1785057661)
[    6.255227][    T1] device-mapper: uevent: version 1.0.3
[    6.259018][    T1] device-mapper: ioctl: 4.48.0-ioctl (2023-03-01) initialised: dm-devel@redhat.com
[    6.263579][    T1] No iBFT detected.
[    6.274609][    T1] hid: raw HID events driver (C) Jiri Kosina
[    6.284101][    T1] usbcore: registered new interface driver usbhid
[    6.284876][    T1] usbhid: USB HID core driver
[    6.306383][    T1] hw perfevents: enabled with armv8_pmuv3 PMU driver, 7 counters available
[    6.314451][    T1] Initializing XFRM netlink socket
[    6.315527][    T1] NET: Registered PF_PACKET protocol family
[    6.318388][    T1] Key type dns_resolver registered
[    6.321604][    T1] NET: Registered PF_VSOCK protocol family
[   11.603735][    T1] registered taskstats version 1
[   11.986459][    T1] Loading compiled-in X.509 certificates
[   11.987104][    T1] Load PGP public keys
[   12.358259][    T1] Btrfs loaded, zoned=yes, fsverity=no
[   12.408891][    T1] Key type encrypted registered
[   12.409565][    T1] AppArmor: AppArmor sha1 policy hashing enabled
[   14.155618][    T1] printk: console [netcon0] enabled
[   14.156671][    T1] netconsole: network logging started
[   14.169357][    T1] clk: Disabling unused clocks
[   14.170575][    T1] SDEI NMI watchdog: Disable SDEI NMI Watchdog in VM
[   14.178095][    T1] uart-pl011 9000000.pl011: no DMA platform data
[   14.313967][    T1] Freeing unused kernel memory: 8128K
[   14.316195][    T1] Run /init as init process
BOOTED-POWEROFF-NOW
CALLING-RB_POWER_OFF
[   16.771188][  T158] reboot: Power down
