[    0.000000][    T0] Booting Linux on physical CPU 0x0000000000 [0x000f0510]
[    0.000000][    T0] Linux version 6.6.0-pbs-restore (root@b0f943ae3934) (gcc (Debian 12.2.0-14) 12.2.0, GNU ld (GNU Binutils for Debian) 2.40) #1 SMP Fri Feb  7 08:53:24 UTC 2025
[    0.000000][    T0] KASLR enabled
[    0.000000][    T0] random: crng init done
[    0.000000][    T0] Machine model: linux,dummy-virt
[    0.000000][    T0] efi: UEFI not found.
[    0.000000][    T0] NUMA: No NUMA configuration found
[    0.000000][    T0] NUMA: Faking a node at [mem 0x0000000040000000-0x000000005fffffff]
[    0.000000][    T0] NUMA: NODE_DATA [mem 0x5ffc5b00-0x5ffd4fff]
[    0.000000][    T0] Zone ranges:
[    0.000000][    T0]   DMA      [mem 0x0000000040000000-0x000000005fffffff]
[    0.000000][    T0]   DMA32    empty
[    0.000000][    T0]   Normal   empty
[    0.000000][    T0]   ExtMem   empty
[    0.000000][    T0]   Device   empty
[    0.000000][    T0] Movable zone start for each node
[    0.000000][    T0] Early memory node ranges
[    0.000000][    T0]   node   0: [mem 0x0000000040000000-0x000000005fffffff]
[    0.000000][    T0] Initmem setup node 0 [mem 0x0000000040000000-0x000000005fffffff]
[    0.000000][    T0] psci: probing for conduit method from DT.
[    0.000000][    T0] psci: PSCIv1.1 detected in firmware.
[    0.000000][    T0] psci: Using standard PSCI v0.2 function IDs
[    0.000000][    T0] psci: Trusted OS migration not required
[    0.000000][    T0] psci: SMC Calling Convention v1.0
[    0.000000][    T0] percpu: Embedded 35 pages/cpu s102952 r8192 d32216 u143360
[    0.000000][    T0] Detected PIPT I-cache on CPU0
[    0.000000][    T0] CPU features: detected: Address authentication (architected QARMA5 algorithm)
[    0.000000][    T0] CPU features: detected: HCRX_EL2 register
[    0.000000][    T0] CPU features: detected: Non-maskable Interrupts present
[    0.000000][    T0] CPU features: detected: Hardware dirty bit management
[    0.000000][    T0] CPU features: detected: Spectre-v4
[    0.000000][    T0] CPU features: detected: Non-maskable Interrupts enabled
[    0.000000][    T0] alternatives: applying boot alternatives
[    0.000000][    T0] Kernel command line: console=ttyAMA0 rdinit=/init panic=-1
[    0.000000][    T0] Dentry cache hash table entries: 65536 (order: 7, 524288 bytes, linear)
[    0.000000][    T0] Inode-cache hash table entries: 32768 (order: 6, 262144 bytes, linear)
[    0.000000][    T0] Fallback order for Node 0: 0 
[    0.000000][    T0] Built 1 zonelists, mobility grouping on.  Total pages: 129024
[    0.000000][    T0] Policy zone: DMA
[    0.000000][    T0] mem auto-init: stack:off, heap alloc:off, heap free:off
[    0.000000][    T0] software IO TLB: area num 1.
[    0.000000][    T0] software IO TLB: mapped [mem 0x000000005b600000-0x000000005f600000] (64MB)
[    0.000000][    T0] Memory: 386528K/524288K available (24448K kernel code, 6754K rwdata, 8212K rodata, 8128K init, 11938K bss, 137760K reserved, 0K cma-reserved)
[    0.000000][    T0] SLUB: HWalign=64, Order=0-3, MinObjects=0, CPUs=1, Nodes=1
[    0.000000][    T0] ftrace: allocating 74732 entries in 292 pages
[    0.000000][    T0] ftrace: allocated 292 pages with 3 groups
[    0.000000][    T0] trace event string verifier disabled
[    0.000000][    T0] rcu: Hierarchical RCU implementation.
[    0.000000][    T0] rcu: 	RCU restricting CPUs from NR_CPUS=4096 to nr_cpu_ids=1.
[    0.000000][    T0] 	Rude variant of Tasks RCU enabled.
[    0.000000][    T0] 	Tracing variant of Tasks RCU enabled.
[    0.000000][    T0] rcu: RCU calculated value of scheduler-enlistment delay is 25 jiffies.
[    0.000000][    T0] rcu: Adjusting geometry for rcu_fanout_leaf=16, nr_cpu_ids=1
[    0.000000][    T0] NR_IRQS: 64, nr_irqs: 64, preallocated irqs: 0
[    0.000000][    T0] Root IRQ handler: gic_handle_irq
[    0.000000][    T0] GICv2m: range[mem 0x08020000-0x08020fff], SPI[80:143]
[    0.000000][    T0] rcu: srcu_init: Setting srcu_struct sizes based on contention.
[    0.000000][    T0] arch_timer: cp15 timer(s) running at 1000.00MHz (virt).
[    0.000000][    T0] clocksource: arch_sys_counter: mask: 0x1fffffffffffffff max_cycles: 0x1cd42e4dffb, max_idle_ns: 881590591483 ns
[    0.000107][    T0] sched_clock: 61 bits at 1000MHz, resolution 1ns, wraps every 4398046511103ns
[    0.025984][    T0] Console: colour dummy device 80x25
[    0.034520][    T0] Calibrating delay loop (skipped), value calculated using timer frequency.. 2000.00 BogoMIPS (lpj=4000000)
[    0.035905][    T0] pid_max: default: 32768 minimum: 301
[    0.043055][    T0] LSM: initializing lsm=capability,yama,apparmor,bpf,integrity
[    0.044863][    T0] Yama: becoming mindful.
[    0.050578][    T0] AppArmor: AppArmor initialized
[    0.050772][    T0] LSM support for eBPF active
[    0.057894][    T0] Mount-cache hash table entries: 1024 (order: 1, 8192 bytes, linear)
[    0.058347][    T0] Mountpoint-cache hash table entries: 1024 (order: 1, 8192 bytes, linear)
[    0.123907][    T1] cacheinfo: Unable to detect cache hierarchy for CPU 0
[    0.149922][    T1] RCU Tasks Rude: Setting shift to 0 and lim to 1 rcu_task_cb_adjust=1 rcu_task_cpu_ids=1.
[    0.152558][    T1] RCU Tasks Trace: Setting shift to 0 and lim to 1 rcu_task_cb_adjust=1 rcu_task_cpu_ids=1.
[    0.154794][    T1] arm-pv: PV sched is not available
[    0.158001][    T1] rcu: Hierarchical SRCU implementation.
[    0.158115][    T1] rcu: 	Max phase no-delay instances is 1000.
[    0.184996][    T1] EFI services will not be available.
[    0.190504][    T1] smp: Bringing up secondary CPUs ...
[    0.192074][    T1] smp: Brought up 1 node, 1 CPU
[    0.192221][    T1] SMP: Total of 1 processors activated.
[    0.192559][    T1] CPU features: detected: 32-bit EL0 Support
[    0.192653][    T1] CPU features: detected: 32-bit EL1 Support
[    0.192727][    T1] CPU features: detected: ARMv8.4 Translation Table Level
[    0.192808][    T1] CPU features: detected: Instruction cache invalidation not required for I/D coherence
[    0.192889][    T1] CPU features: detected: Data cache clean to the PoU not required for I/D coherence
[    0.193033][    T1] CPU features: detected: Common not Private translations
[    0.193103][    T1] CPU features: detected: CRC32 instructions
[    0.193170][    T1] CPU features: detected: Data cache clean to Point of Deep Persistence
[    0.193238][    T1] CPU features: detected: Data cache clean to Point of Persistence
[    0.193306][    T1] CPU features: detected: Data independent timing control (DIT)
[    0.193373][    T1] CPU features: detected: E0PD
[    0.193783][    T1] CPU features: detected: Enhanced Counter Virtualization
[    0.193859][    T1] CPU features: detected: Enhanced Counter Virtualization (CNTPOFF)
[    0.193928][    T1] CPU features: detected: Enhanced Privileged Access Never
[    0.193996][    T1] CPU features: detected: Enhanced Virtualization Traps
[    0.194063][    T1] CPU features: detected: Fine Grained Traps
[    0.194222][    T1] CPU features: detected: Generic authentication (architected QARMA5 algorithm)
[    0.194298][    T1] CPU features: detected: RCpc load-acquire (LDAPR)
[    0.194365][    T1] CPU features: detected: LSE atomic instructions
[    0.194432][    T1] CPU features: detected: Memory Copy and Memory Set instructions
[    0.194565][    T1] CPU features: detected: Privileged Access Never
[    0.194636][    T1] CPU features: detected: RAS Extension Support
[    0.194703][    T1] CPU features: detected: Random Number Generator
[    0.194771][    T1] CPU features: detected: Speculation barrier (SB)
[    0.194838][    T1] CPU features: detected: Stage-2 Force Write-Back
[    0.194910][    T1] CPU features: detected: Trap EL0 IMPLEMENTATION DEFINED functionality
[    0.194978][    T1] CPU features: detected: TLB range maintenance instructions
[    0.195051][    T1] CPU features: detected: WFx with timeout
[    0.195231][    T1] CPU features: detected: Speculative Store Bypassing Safe (SSBS)
[    0.195300][    T1] CPU features: detected: Scalable Vector Extension
[    0.217352][    T1] SVE: maximum available vector length 256 bytes per vector
[    0.221345][    T1] SVE: default vector length 64 bytes per vector
[    0.224573][    T1] CPU: All CPU(s) started at EL1
[    0.225021][    T1] alternatives: applying system-wide alternatives
[    0.313487][    T1] devtmpfs: initialized
[    0.394301][    T1] clocksource: jiffies: mask: 0xffffffff max_cycles: 0xffffffff, max_idle_ns: 7645041785100000 ns
[    0.395489][    T1] futex hash table entries: 256 (order: 2, 16384 bytes, linear)
[    0.403865][    T1] pinctrl core: initialized pinctrl subsystem
[    0.415770][    T1] DMI not present or invalid.
[    0.449743][    T1] NET: Registered PF_NETLINK/PF_ROUTE protocol family
[    0.465225][    T1] DMA: preallocated 128 KiB GFP_KERNEL pool for atomic allocations
[    0.466061][    T1] DMA: preallocated 128 KiB GFP_KERNEL|GFP_DMA pool for atomic allocations
[    0.466484][    T1] DMA: preallocated 128 KiB GFP_KERNEL|GFP_DMA32 pool for atomic allocations
[    0.467324][    T1] audit: initializing netlink subsys (disabled)
[    0.481974][    T1] thermal_sys: Registered thermal governor 'fair_share'
[    0.482162][    T1] thermal_sys: Registered thermal governor 'step_wise'
[    0.482233][    T1] thermal_sys: Registered thermal governor 'user_space'
[    0.484356][   T22] audit: type=2000 audit(0.392:1): state=initialized audit_enabled=0 res=1
[    0.487103][    T1] cpuidle: using governor menu
[    0.492415][    T1] hw-breakpoint: found 6 breakpoint and 4 watchpoint registers.
[    0.493470][    T1] ASID allocator initialised with 65536 entries
[    0.500793][    T1] Serial: AMBA PL011 UART driver
[    0.636850][    T1] 9000000.pl011: ttyAMA0 at MMIO 0x9000000 (irq = 13, base_baud = 0) is a PL011 rev1
[    0.639199][    T1] printk: console [ttyAMA0] enabled
[    0.712611][    T1] Modules: 2G module region forced by RANDOMIZE_MODULE_REGION_FULL
[    0.713294][    T1] Modules: 0 pages in range for non-PLT usage
[    0.713402][    T1] Modules: 509344 pages in range for PLT usage
[    0.753236][    T1] HugeTLB: registered 1.00 GiB page size, pre-allocated 0 pages
[    0.754198][    T1] HugeTLB: 16380 KiB vmemmap can be freed for a 1.00 GiB page
[    0.754745][    T1] HugeTLB: registered 32.0 MiB page size, pre-allocated 0 pages
[    0.755436][    T1] HugeTLB: 508 KiB vmemmap can be freed for a 32.0 MiB page
[    0.755989][    T1] HugeTLB: registered 2.00 MiB page size, pre-allocated 0 pages
[    0.756457][    T1] HugeTLB: 28 KiB vmemmap can be freed for a 2.00 MiB page
[    0.756990][    T1] HugeTLB: registered 64.0 KiB page size, pre-allocated 0 pages
[    0.757464][    T1] HugeTLB: 0 KiB vmemmap can be freed for a 64.0 KiB page
[    0.900802][    T1] raid6: neonx8   gen()  1161 MB/s
[    0.971190][    T1] raid6: neonx4   gen()  1139 MB/s
[    1.041523][    T1] raid6: neonx2   gen()  1003 MB/s
[    1.112156][    T1] raid6: neonx1   gen()   756 MB/s
[    1.182513][    T1] raid6: int64x8  gen()   869 MB/s
[    1.253244][    T1] raid6: int64x4  gen()  1159 MB/s
[    1.323605][    T1] raid6: int64x2  gen()  1019 MB/s
[    1.393943][    T1] raid6: int64x1  gen()   770 MB/s
[    1.394450][    T1] raid6: using algorithm neonx8 gen() 1161 MB/s
[    1.464249][    T1] raid6: .... xor() 435 MB/s, rmw enabled
[    1.464860][    T1] raid6: using neon recovery algorithm
[    1.470708][    T1] ACPI: Interpreter disabled.
[    1.659272][    T1] iommu: Default domain type: Passthrough
[    1.673308][    T1] SCSI subsystem initialized
[    1.678364][    T1] usbcore: registered new interface driver usbfs
[    1.679632][    T1] usbcore: registered new interface driver hub
[    1.680726][    T1] usbcore: registered new device driver usb
[    1.683097][    T1] pps_core: LinuxPPS API ver. 1 registered
[    1.683544][    T1] pps_core: Software ver. 5.3.6 - Copyright 2005-2007 Rodolfo Giometti <giometti@linux.it>
[    1.684387][    T1] PTP clock support registered
[    1.711097][    T1] EDAC MC: Ver: 3.0.0
[    1.755772][    T1] NetLabel: Initializing
[    1.756232][    T1] NetLabel:  domain hash size = 128
[    1.756850][    T1] NetLabel:  protocols = UNLABELED CIPSOv4 CALIPSO
[    1.759833][    T1] NetLabel:  unlabeled traffic allowed by default
[    1.787311][    T1] vgaarb: loaded
[    1.806351][    T1] clocksource: Switched to clocksource arch_sys_counter
[    1.817481][    T1] VFS: Disk quotas dquot_6.6.0
[    1.818826][    T1] VFS: Dquot-cache hash table entries: 512 (order 0, 4096 bytes)
[    1.834704][    T1] AppArmor: AppArmor Filesystem Enabled
[    1.836246][    T1] pnp: PnP ACPI: disabled
[    2.141615][    T1] NET: Registered PF_INET protocol family
[    2.144677][    T1] IP idents hash table entries: 8192 (order: 4, 65536 bytes, linear)
[    2.160075][    T1] tcp_listen_portaddr_hash hash table entries: 256 (order: 0, 4096 bytes, linear)
[    2.160907][    T1] Table-perturb hash table entries: 65536 (order: 6, 262144 bytes, linear)
[    2.161656][    T1] TCP established hash table entries: 4096 (order: 3, 32768 bytes, linear)
[    2.162781][    T1] TCP bind hash table entries: 4096 (order: 5, 131072 bytes, linear)
[    2.163611][    T1] TCP: Hash tables configured (established 4096 bind 4096)
[    2.168664][    T1] MPTCP token hash table entries: 512 (order: 1, 12288 bytes, linear)
[    2.170249][    T1] UDP hash table entries: 256 (order: 1, 8192 bytes, linear)
[    2.171213][    T1] UDP-Lite hash table entries: 256 (order: 1, 8192 bytes, linear)
[    2.174999][    T1] NET: Registered PF_UNIX/PF_LOCAL protocol family
[    2.206919][    T1] RPC: Registered named UNIX socket transport module.
[    2.207522][    T1] RPC: Registered udp transport module.
[    2.207942][    T1] RPC: Registered tcp transport module.
[    2.208366][    T1] RPC: Registered tcp-with-tls transport module.
[    2.208819][    T1] RPC: Registered tcp NFSv4.1 backchannel transport module.
[    2.209397][    T1] NET: Registered PF_XDP protocol family
[    2.210524][    T1] PCI: CLS 0 bytes, default 64
[    2.237296][    T1] kvm [1]: HYP mode not available
[    2.249648][   T21] Trying to unpack rootfs image as initramfs...
[    2.698462][   T21] Freeing initrd memory: 1324K
[    4.248236][    T1] Initialise system trusted keyrings
[    4.251488][    T1] Key type blacklist registered
[    4.254495][    T1] workingset: timestamp_bits=38 max_order=17 bucket_order=0
[    4.255988][    T1] zbud: loaded
[    4.272337][    T1] squashfs: version 4.0 (2009/01/31) Phillip Lougher
[    4.280578][    T1] NFS: Registering the id_resolver key type
[    4.281494][    T1] Key type id_resolver registered
[    4.282177][    T1] Key type id_legacy registered
[    4.283207][    T1] nfs4filelayout_init: NFSv4 File Layout Driver Registering...
[    4.284251][    T1] nfs4flexfilelayout_init: NFSv4 Flexfile Layout Driver Registering...
[    4.285678][    T1] ntfs: driver 2.1.32 [Flags: R/O].
[    4.286742][    T1] ntfs3: Enabled Linux POSIX ACLs support
[    4.287168][    T1] ntfs3: Read-only LZX/Xpress compression included
[    4.290331][    T1] fuse: init (API version 7.39)
[    4.294532][    T1] JFS: nTxBlock = 3030, nTxLock = 24240
[    4.308739][    T1] SGI XFS with ACLs, security attributes, quota, no debug enabled
[    4.319300][    T1] NILFS version 2 loaded
[    4.319799][    T1] befs: version: 0.9.3
[    4.323522][    T1] OCFS2 User DLM kernel interface loaded
[    4.338451][    T1] gfs2: GFS2 installed
[    5.665141][    T1] ZFS: Loaded module v2.3.99-1, ZFS pool version 5000, ZFS filesystem version 5
[    5.670511][    T1] integrity: Platform Keyring initialized
[    5.926927][    T1] NET: Registered PF_ALG protocol family
[    5.927906][    T1] xor: measuring software checksum speed
[    5.930293][    T1]    8regs           :  1729 MB/sec
[    5.934471][    T1]    32regs          :   883 MB/sec
[    5.943597][    T1]    arm64_neon      :   378 MB/sec
[    5.944066][    T1] xor: using function: 8regs (1729 MB/sec)
[    5.944969][    T1] async_tx: api initialized (async)
[    5.945489][    T1] Key type asymmetric registered
[    5.946215][    T1] Asymmetric key parser 'x509' registered
[    5.946716][    T1] Asymmetric key parser 'pgp' registered
[    5.948171][    T1] Block layer SCSI generic (bsg) driver version 0.4 loaded (major 247)
[    5.952176][    T1] io scheduler mq-deadline registered
[    5.952746][    T1] io scheduler kyber registered
[    5.953435][    T1] io scheduler bfq registered
[    6.033783][    T1] pl061_gpio 9030000.pl061: PL061 GPIO chip registered
[    6.040535][    T1] shpchp: Standard Hot Plug PCI Controller Driver version: 0.4
[    6.044394][    T1] pci-host-generic 4010000000.pcie: host bridge /pcie@10000000 ranges:
[    6.046456][    T1] pci-host-generic 4010000000.pcie:       IO 0x003eff0000..0x003effffff -> 0x0000000000
[    6.048016][    T1] pci-host-generic 4010000000.pcie:      MEM 0x0010000000..0x003efeffff -> 0x0010000000
[    6.048991][    T1] pci-host-generic 4010000000.pcie:      MEM 0x8000000000..0xffffffffff -> 0x8000000000
[    6.050800][    T1] pci-host-generic 4010000000.pcie: Memory resource size exceeds max for 32 bits
[    6.052394][    T1] pci-host-generic 4010000000.pcie: ECAM at [mem 0x4010000000-0x401fffffff] for [bus 00-ff]
[    6.057189][    T1] pci-host-generic 4010000000.pcie: PCI host bridge to bus 0000:00
[    6.058371][    T1] pci_bus 0000:00: root bus resource [bus 00-ff]
[    6.059015][    T1] pci_bus 0000:00: root bus resource [io  0x0000-0xffff]
[    6.059647][    T1] pci_bus 0000:00: root bus resource [mem 0x10000000-0x3efeffff]
[    6.060232][    T1] pci_bus 0000:00: root bus resource [mem 0x8000000000-0xffffffffff]
[    6.063347][    T1] pci 0000:00:00.0: [1b36:0008] type 00 class 0x060000
[    6.141014][    T1] Serial: 8250/16550 driver, 4 ports, IRQ sharing enabled
[    6.192030][    T1] Loading iSCSI transport class v2.0-870.
[    6.197171][    T1] rdac: device handler registered
[    6.199434][    T1] hp_sw: device handler registered
[    6.199956][    T1] emc: device handler registered
[    6.201709][    T1] alua: device handler registered
[    6.203685][    T1] iscsi: registered transport (tcp)
[    6.204980][    T1] libcxgbi:libcxgbi_init_module: Chelsio iSCSI driver library libcxgbi v0.9.1-ko (Apr. 2015)
[    6.205642][    T1] Chelsio T3 iSCSI Driver cxgb3i v2.0.1-ko (Apr. 2015)
[    6.207199][    T1] iscsi: registered transport (cxgb3i)
[    6.236251][    T1] tun: Universal TUN/TAP device driver, 1.6
[    6.254933][    T1] mousedev: PS/2 mouse device common for all mice
[    6.275421][    T1] rtc-pl031 9010000.pl031: registered as rtc0
[    6.276972][    T1] rtc-pl031 9010000.pl031: setting system clock to 2026-07-26T09:22:27 UTC (1785057747)
[    6.291767][    T1] device-mapper: uevent: version 1.0.3
[    6.295976][    T1] device-mapper: ioctl: 4.48.0-ioctl (2023-03-01) initialised: dm-devel@redhat.com
[    6.300691][    T1] No iBFT detected.
[    6.311749][    T1] hid: raw HID events driver (C) Jiri Kosina
[    6.321360][    T1] usbcore: registered new interface driver usbhid
[    6.321880][    T1] usbhid: USB HID core driver
[    6.343434][    T1] hw perfevents: enabled with armv8_pmuv3 PMU driver, 7 counters available
[    6.351430][    T1] Initializing XFRM netlink socket
[    6.352542][    T1] NET: Registered PF_PACKET protocol family
[    6.356580][    T1] Key type dns_resolver registered
[    6.359600][    T1] NET: Registered PF_VSOCK protocol family
[   11.585439][    T1] registered taskstats version 1
[   11.987876][    T1] Loading compiled-in X.509 certificates
[   11.988698][    T1] Load PGP public keys
[   12.352081][    T1] Btrfs loaded, zoned=yes, fsverity=no
[   12.405321][    T1] Key type encrypted registered
[   12.406531][    T1] AppArmor: AppArmor sha1 policy hashing enabled
[   14.166778][    T1] printk: console [netcon0] enabled
[   14.167664][    T1] netconsole: network logging started
[   14.180763][    T1] clk: Disabling unused clocks
[   14.182328][    T1] SDEI NMI watchdog: Disable SDEI NMI Watchdog in VM
[   14.190654][    T1] uart-pl011 9000000.pl011: no DMA platform data
[   14.321708][    T1] Freeing unused kernel memory: 8128K
[   14.323884][    T1] Run /init as init process
BOOTED-REACTOR
== input devices ==
== /proc/interrupts (pl061/GPIO) ==
no-gpio-irq-line
== DTB gpio-keys node (proves QEMU virt provides it) ==
DT: /sys/firmware/devicetree/base/gpio-keys
DT: /sys/firmware/devicetree/base/pl061@9030000
/sys/firmware/devicetree/base/gpio-keys
GPIO-KEYS-NODE-PRESENT-IN-DTB
/sys/firmware/devicetree/base/pl061@9030000
NO-GPIO-KEYS
REACTOR-WAITING-FALLBACK
